/home/usuaris/veu/federico.costa/datasets/voxceleb1/test/id10270/x6uYqmx31kE/00015.wav
/home/usuaris/veu/federico.costa/datasets/voxceleb1/test/id10270/x6uYqmx31kE/00001.wav
/home/usuaris/veu/federico.costa/datasets/voxceleb1/test/id10270/x6uYqmx31kE/00002.wav
/home/usuaris/veu/federico.costa/datasets/voxceleb1/test/id10270/x6uYqmx31kE/00012.wav
/home/usuaris/veu/federico.costa/datasets/voxceleb1/test/id10270/x6uYqmx31kE/00003.wav
/home/usuaris/veu/federico.costa/datasets/voxceleb1/test/id10270/x6uYqmx31kE/00009.wav
/home/usuaris/veu/federico.costa/datasets/voxceleb1/test/id10270/x6uYqmx31kE/00018.wav
/home/usuaris/veu/federico.costa/datasets/voxceleb1/test/id10270/x6uYqmx31kE/00004.wav
/home/usuaris/veu/federico.costa/datasets/voxceleb1/test/id10270/x6uYqmx31kE/00005.wav
/home/usuaris/veu/federico.costa/datasets/voxceleb1/test/id10270/x6uYqmx31kE/00011.wav
/home/usuaris/veu/federico.costa/datasets/voxceleb1/test/id10270/x6uYqmx31kE/00017.wav
/home/usuaris/veu/federico.costa/datasets/voxceleb1/test/id10270/x6uYqmx31kE/00016.wav
/home/usuaris/veu/federico.costa/datasets/voxceleb1/test/id10270/x6uYqmx31kE/00013.wav
/home/usuaris/veu/federico.costa/datasets/voxceleb1/test/id10270/x6uYqmx31kE/00007.wav
/home/usuaris/veu/federico.costa/datasets/voxceleb1/test/id10270/x6uYqmx31kE/00014.wav
/home/usuaris/veu/federico.costa/datasets/voxceleb1/test/id10270/x6uYqmx31kE/00008.wav
/home/usuaris/veu/federico.costa/datasets/voxceleb1/test/id10270/x6uYqmx31kE/00019.wav
/home/usuaris/veu/federico.costa/datasets/voxceleb1/test/id10270/x6uYqmx31kE/00006.wav
/home/usuaris/veu/federico.costa/datasets/voxceleb1/test/id10270/x6uYqmx31kE/00010.wav
/home/usuaris/veu/federico.costa/datasets/voxceleb1/test/id10270/x6uYqmx31kE/00020.wav
/home/usuaris/veu/federico.costa/datasets/voxceleb1/test/id10270/OXdd7Gmluts/00001.wav
/home/usuaris/veu/federico.costa/datasets/voxceleb1/test/id10270/OXdd7Gmluts/00002.wav
/home/usuaris/veu/federico.costa/datasets/voxceleb1/test/id10270/OXdd7Gmluts/00003.wav
/home/usuaris/veu/federico.costa/datasets/voxceleb1/test/id10270/8jEAjG6SegY/00024.wav
/home/usuaris/veu/federico.costa/datasets/voxceleb1/test/id10270/8jEAjG6SegY/00038.wav
/home/usuaris/veu/federico.costa/datasets/voxceleb1/test/id10270/8jEAjG6SegY/00015.wav
/home/usuaris/veu/federico.costa/datasets/voxceleb1/test/id10270/8jEAjG6SegY/00001.wav
/home/usuaris/veu/federico.costa/datasets/voxceleb1/test/id10270/8jEAjG6SegY/00002.wav
/home/usuaris/veu/federico.costa/datasets/voxceleb1/test/id10270/8jEAjG6SegY/00036.wav
/home/usuaris/veu/federico.costa/datasets/voxceleb1/test/id10270/8jEAjG6SegY/00012.wav
/home/usuaris/veu/federico.costa/datasets/voxceleb1/test/id10270/8jEAjG6SegY/00003.wav
/home/usuaris/veu/federico.costa/datasets/voxceleb1/test/id10270/8jEAjG6SegY/00028.wav
/home/usuaris/veu/federico.costa/datasets/voxceleb1/test/id10270/8jEAjG6SegY/00009.wav
/home/usuaris/veu/federico.costa/datasets/voxceleb1/test/id10270/8jEAjG6SegY/00035.wav
/home/usuaris/veu/federico.costa/datasets/voxceleb1/test/id10270/8jEAjG6SegY/00032.wav
/home/usuaris/veu/federico.costa/datasets/voxceleb1/test/id10270/8jEAjG6SegY/00018.wav
/home/usuaris/veu/federico.costa/datasets/voxceleb1/test/id10270/8jEAjG6SegY/00004.wav
/home/usuaris/veu/federico.costa/datasets/voxceleb1/test/id10270/8jEAjG6SegY/00005.wav
/home/usuaris/veu/federico.costa/datasets/voxceleb1/test/id10270/8jEAjG6SegY/00011.wav
/home/usuaris/veu/federico.costa/datasets/voxceleb1/test/id10270/8jEAjG6SegY/00017.wav
/home/usuaris/veu/federico.costa/datasets/voxceleb1/test/id10270/8jEAjG6SegY/00021.wav
/home/usuaris/veu/federico.costa/datasets/voxceleb1/test/id10270/8jEAjG6SegY/00027.wav
/home/usuaris/veu/federico.costa/datasets/voxceleb1/test/id10270/8jEAjG6SegY/00016.wav
/home/usuaris/veu/federico.costa/datasets/voxceleb1/test/id10270/8jEAjG6SegY/00013.wav
/home/usuaris/veu/federico.costa/datasets/voxceleb1/test/id10270/8jEAjG6SegY/00033.wav
/home/usuaris/veu/federico.costa/datasets/voxceleb1/test/id10270/8jEAjG6SegY/00022.wav
/home/usuaris/veu/federico.costa/datasets/voxceleb1/test/id10270/8jEAjG6SegY/00007.wav
/home/usuaris/veu/federico.costa/datasets/voxceleb1/test/id10270/8jEAjG6SegY/00014.wav
/home/usuaris/veu/federico.costa/datasets/voxceleb1/test/id10270/8jEAjG6SegY/00037.wav
/home/usuaris/veu/federico.costa/datasets/voxceleb1/test/id10270/8jEAjG6SegY/00025.wav
/home/usuaris/veu/federico.costa/datasets/voxceleb1/test/id10270/8jEAjG6SegY/00008.wav
/home/usuaris/veu/federico.costa/datasets/voxceleb1/test/id10270/8jEAjG6SegY/00019.wav
/home/usuaris/veu/federico.costa/datasets/voxceleb1/test/id10270/8jEAjG6SegY/00034.wav
/home/usuaris/veu/federico.costa/datasets/voxceleb1/test/id10270/8jEAjG6SegY/00031.wav
/home/usuaris/veu/federico.costa/datasets/voxceleb1/test/id10270/8jEAjG6SegY/00023.wav
/home/usuaris/veu/federico.costa/datasets/voxceleb1/test/id10270/8jEAjG6SegY/00006.wav
/home/usuaris/veu/federico.costa/datasets/voxceleb1/test/id10270/8jEAjG6SegY/00010.wav
/home/usuaris/veu/federico.costa/datasets/voxceleb1/test/id10270/8jEAjG6SegY/00029.wav
/home/usuaris/veu/federico.costa/datasets/voxceleb1/test/id10270/8jEAjG6SegY/00030.wav
/home/usuaris/veu/federico.costa/datasets/voxceleb1/test/id10270/8jEAjG6SegY/00026.wav
/home/usuaris/veu/federico.costa/datasets/voxceleb1/test/id10270/8jEAjG6SegY/00020.wav
/home/usuaris/veu/federico.costa/datasets/voxceleb1/test/id10270/GWXujl-xAVM/00024.wav
/home/usuaris/veu/federico.costa/datasets/voxceleb1/test/id10270/GWXujl-xAVM/00040.wav
/home/usuaris/veu/federico.costa/datasets/voxceleb1/test/id10270/GWXujl-xAVM/00042.wav
/home/usuaris/veu/federico.costa/datasets/voxceleb1/test/id10270/GWXujl-xAVM/00047.wav
/home/usuaris/veu/federico.costa/datasets/voxceleb1/test/id10270/GWXujl-xAVM/00038.wav
/home/usuaris/veu/federico.costa/datasets/voxceleb1/test/id10270/GWXujl-xAVM/00015.wav
/home/usuaris/veu/federico.costa/datasets/voxceleb1/test/id10270/GWXujl-xAVM/00001.wav
/home/usuaris/veu/federico.costa/datasets/voxceleb1/test/id10270/GWXujl-xAVM/00002.wav
/home/usuaris/veu/federico.costa/datasets/voxceleb1/test/id10270/GWXujl-xAVM/00036.wav
/home/usuaris/veu/federico.costa/datasets/voxceleb1/test/id10270/GWXujl-xAVM/00012.wav
/home/usuaris/veu/federico.costa/datasets/voxceleb1/test/id10270/GWXujl-xAVM/00046.wav
/home/usuaris/veu/federico.costa/datasets/voxceleb1/test/id10270/GWXujl-xAVM/00003.wav
/home/usuaris/veu/federico.costa/datasets/voxceleb1/test/id10270/GWXujl-xAVM/00041.wav
/home/usuaris/veu/federico.costa/datasets/voxceleb1/test/id10270/GWXujl-xAVM/00028.wav
/home/usuaris/veu/federico.costa/datasets/voxceleb1/test/id10270/GWXujl-xAVM/00009.wav
/home/usuaris/veu/federico.costa/datasets/voxceleb1/test/id10270/GWXujl-xAVM/00035.wav
/home/usuaris/veu/federico.costa/datasets/voxceleb1/test/id10270/GWXujl-xAVM/00032.wav
/home/usuaris/veu/federico.costa/datasets/voxceleb1/test/id10270/GWXujl-xAVM/00018.wav
/home/usuaris/veu/federico.costa/datasets/voxceleb1/test/id10270/GWXujl-xAVM/00004.wav
/home/usuaris/veu/federico.costa/datasets/voxceleb1/test/id10270/GWXujl-xAVM/00005.wav
/home/usuaris/veu/federico.costa/datasets/voxceleb1/test/id10270/GWXujl-xAVM/00044.wav
/home/usuaris/veu/federico.costa/datasets/voxceleb1/test/id10270/GWXujl-xAVM/00011.wav
/home/usuaris/veu/federico.costa/datasets/voxceleb1/test/id10270/GWXujl-xAVM/00017.wav
/home/usuaris/veu/federico.costa/datasets/voxceleb1/test/id10270/GWXujl-xAVM/00048.wav
/home/usuaris/veu/federico.costa/datasets/voxceleb1/test/id10270/GWXujl-xAVM/00021.wav
/home/usuaris/veu/federico.costa/datasets/voxceleb1/test/id10270/GWXujl-xAVM/00027.wav
/home/usuaris/veu/federico.costa/datasets/voxceleb1/test/id10270/GWXujl-xAVM/00016.wav
/home/usuaris/veu/federico.costa/datasets/voxceleb1/test/id10270/GWXujl-xAVM/00013.wav
/home/usuaris/veu/federico.costa/datasets/voxceleb1/test/id10270/GWXujl-xAVM/00033.wav
/home/usuaris/veu/federico.costa/datasets/voxceleb1/test/id10270/GWXujl-xAVM/00022.wav
/home/usuaris/veu/federico.costa/datasets/voxceleb1/test/id10270/GWXujl-xAVM/00007.wav
/home/usuaris/veu/federico.costa/datasets/voxceleb1/test/id10270/GWXujl-xAVM/00014.wav
/home/usuaris/veu/federico.costa/datasets/voxceleb1/test/id10270/GWXujl-xAVM/00050.wav
/home/usuaris/veu/federico.costa/datasets/voxceleb1/test/id10270/GWXujl-xAVM/00045.wav
/home/usuaris/veu/federico.costa/datasets/voxceleb1/test/id10270/GWXujl-xAVM/00037.wav
/home/usuaris/veu/federico.costa/datasets/voxceleb1/test/id10270/GWXujl-xAVM/00052.wav
/home/usuaris/veu/federico.costa/datasets/voxceleb1/test/id10270/GWXujl-xAVM/00049.wav
/home/usuaris/veu/federico.costa/datasets/voxceleb1/test/id10270/GWXujl-xAVM/00025.wav
/home/usuaris/veu/federico.costa/datasets/voxceleb1/test/id10270/GWXujl-xAVM/00051.wav
/home/usuaris/veu/federico.costa/datasets/voxceleb1/test/id10270/GWXujl-xAVM/00008.wav
/home/usuaris/veu/federico.costa/datasets/voxceleb1/test/id10270/GWXujl-xAVM/00019.wav
/home/usuaris/veu/federico.costa/datasets/voxceleb1/test/id10270/GWXujl-xAVM/00034.wav
/home/usuaris/veu/federico.costa/datasets/voxceleb1/test/id10270/GWXujl-xAVM/00031.wav
/home/usuaris/veu/federico.costa/datasets/voxceleb1/test/id10270/GWXujl-xAVM/00039.wav
/home/usuaris/veu/federico.costa/datasets/voxceleb1/test/id10270/GWXujl-xAVM/00023.wav
/home/usuaris/veu/federico.costa/datasets/voxceleb1/test/id10270/GWXujl-xAVM/00006.wav
/home/usuaris/veu/federico.costa/datasets/voxceleb1/test/id10270/GWXujl-xAVM/00053.wav
/home/usuaris/veu/federico.costa/datasets/voxceleb1/test/id10270/GWXujl-xAVM/00055.wav
/home/usuaris/veu/federico.costa/datasets/voxceleb1/test/id10270/GWXujl-xAVM/00010.wav
/home/usuaris/veu/federico.costa/datasets/voxceleb1/test/id10270/GWXujl-xAVM/00054.wav
/home/usuaris/veu/federico.costa/datasets/voxceleb1/test/id10270/GWXujl-xAVM/00029.wav
/home/usuaris/veu/federico.costa/datasets/voxceleb1/test/id10270/GWXujl-xAVM/00030.wav
/home/usuaris/veu/federico.costa/datasets/voxceleb1/test/id10270/GWXujl-xAVM/00026.wav
/home/usuaris/veu/federico.costa/datasets/voxceleb1/test/id10270/GWXujl-xAVM/00020.wav
/home/usuaris/veu/federico.costa/datasets/voxceleb1/test/id10270/GWXujl-xAVM/00043.wav
/home/usuaris/veu/federico.costa/datasets/voxceleb1/test/id10270/OmSWVqpb-N0/00001.wav
/home/usuaris/veu/federico.costa/datasets/voxceleb1/test/id10270/OhfKF8FSq3Y/00001.wav
/home/usuaris/veu/federico.costa/datasets/voxceleb1/test/id10270/OhfKF8FSq3Y/00002.wav
/home/usuaris/veu/federico.costa/datasets/voxceleb1/test/id10270/OhfKF8FSq3Y/00003.wav
/home/usuaris/veu/federico.costa/datasets/voxceleb1/test/id10270/OhfKF8FSq3Y/00004.wav
/home/usuaris/veu/federico.costa/datasets/voxceleb1/test/id10270/OhfKF8FSq3Y/00005.wav
/home/usuaris/veu/federico.costa/datasets/voxceleb1/test/id10270/OhfKF8FSq3Y/00007.wav
/home/usuaris/veu/federico.costa/datasets/voxceleb1/test/id10270/OhfKF8FSq3Y/00008.wav
/home/usuaris/veu/federico.costa/datasets/voxceleb1/test/id10270/OhfKF8FSq3Y/00006.wav
/home/usuaris/veu/federico.costa/datasets/voxceleb1/test/id10270/5r0dWxy17C8/00024.wav
/home/usuaris/veu/federico.costa/datasets/voxceleb1/test/id10270/5r0dWxy17C8/00015.wav
/home/usuaris/veu/federico.costa/datasets/voxceleb1/test/id10270/5r0dWxy17C8/00001.wav
/home/usuaris/veu/federico.costa/datasets/voxceleb1/test/id10270/5r0dWxy17C8/00002.wav
/home/usuaris/veu/federico.costa/datasets/voxceleb1/test/id10270/5r0dWxy17C8/00012.wav
/home/usuaris/veu/federico.costa/datasets/voxceleb1/test/id10270/5r0dWxy17C8/00003.wav
/home/usuaris/veu/federico.costa/datasets/voxceleb1/test/id10270/5r0dWxy17C8/00009.wav
/home/usuaris/veu/federico.costa/datasets/voxceleb1/test/id10270/5r0dWxy17C8/00018.wav
/home/usuaris/veu/federico.costa/datasets/voxceleb1/test/id10270/5r0dWxy17C8/00004.wav
/home/usuaris/veu/federico.costa/datasets/voxceleb1/test/id10270/5r0dWxy17C8/00005.wav
/home/usuaris/veu/federico.costa/datasets/voxceleb1/test/id10270/5r0dWxy17C8/00011.wav
/home/usuaris/veu/federico.costa/datasets/voxceleb1/test/id10270/5r0dWxy17C8/00017.wav
/home/usuaris/veu/federico.costa/datasets/voxceleb1/test/id10270/5r0dWxy17C8/00021.wav
/home/usuaris/veu/federico.costa/datasets/voxceleb1/test/id10270/5r0dWxy17C8/00027.wav
/home/usuaris/veu/federico.costa/datasets/voxceleb1/test/id10270/5r0dWxy17C8/00016.wav
/home/usuaris/veu/federico.costa/datasets/voxceleb1/test/id10270/5r0dWxy17C8/00013.wav
/home/usuaris/veu/federico.costa/datasets/voxceleb1/test/id10270/5r0dWxy17C8/00022.wav
/home/usuaris/veu/federico.costa/datasets/voxceleb1/test/id10270/5r0dWxy17C8/00007.wav
/home/usuaris/veu/federico.costa/datasets/voxceleb1/test/id10270/5r0dWxy17C8/00014.wav
/home/usuaris/veu/federico.costa/datasets/voxceleb1/test/id10270/5r0dWxy17C8/00025.wav
/home/usuaris/veu/federico.costa/datasets/voxceleb1/test/id10270/5r0dWxy17C8/00008.wav
/home/usuaris/veu/federico.costa/datasets/voxceleb1/test/id10270/5r0dWxy17C8/00019.wav
/home/usuaris/veu/federico.costa/datasets/voxceleb1/test/id10270/5r0dWxy17C8/00023.wav
/home/usuaris/veu/federico.costa/datasets/voxceleb1/test/id10270/5r0dWxy17C8/00006.wav
/home/usuaris/veu/federico.costa/datasets/voxceleb1/test/id10270/5r0dWxy17C8/00010.wav
/home/usuaris/veu/federico.costa/datasets/voxceleb1/test/id10270/5r0dWxy17C8/00026.wav
/home/usuaris/veu/federico.costa/datasets/voxceleb1/test/id10270/5r0dWxy17C8/00020.wav
/home/usuaris/veu/federico.costa/datasets/voxceleb1/test/id10270/PXmaB6Ui0fE/00001.wav
/home/usuaris/veu/federico.costa/datasets/voxceleb1/test/id10270/5sJomL_D0_g/00001.wav
/home/usuaris/veu/federico.costa/datasets/voxceleb1/test/id10270/5sJomL_D0_g/00002.wav
/home/usuaris/veu/federico.costa/datasets/voxceleb1/test/id10270/zjwijMp0Qyw/00001.wav
/home/usuaris/veu/federico.costa/datasets/voxceleb1/test/id10270/zjwijMp0Qyw/00002.wav
/home/usuaris/veu/federico.costa/datasets/voxceleb1/test/id10270/zjwijMp0Qyw/00003.wav
/home/usuaris/veu/federico.costa/datasets/voxceleb1/test/id10271/OZcAiOZBNjQ/00001.wav
/home/usuaris/veu/federico.costa/datasets/voxceleb1/test/id10271/LjLjQkfhd2o/00001.wav
/home/usuaris/veu/federico.costa/datasets/voxceleb1/test/id10271/LjLjQkfhd2o/00002.wav
/home/usuaris/veu/federico.costa/datasets/voxceleb1/test/id10271/LjLjQkfhd2o/00003.wav
/home/usuaris/veu/federico.costa/datasets/voxceleb1/test/id10271/LjLjQkfhd2o/00004.wav
/home/usuaris/veu/federico.costa/datasets/voxceleb1/test/id10271/LjLjQkfhd2o/00005.wav
/home/usuaris/veu/federico.costa/datasets/voxceleb1/test/id10271/LjLjQkfhd2o/00007.wav
/home/usuaris/veu/federico.costa/datasets/voxceleb1/test/id10271/LjLjQkfhd2o/00008.wav
/home/usuaris/veu/federico.costa/datasets/voxceleb1/test/id10271/LjLjQkfhd2o/00006.wav
/home/usuaris/veu/federico.costa/datasets/voxceleb1/test/id10271/zWyD72sHVwA/00001.wav
/home/usuaris/veu/federico.costa/datasets/voxceleb1/test/id10271/zWyD72sHVwA/00002.wav
/home/usuaris/veu/federico.costa/datasets/voxceleb1/test/id10271/zWyD72sHVwA/00003.wav
/home/usuaris/veu/federico.costa/datasets/voxceleb1/test/id10271/zWyD72sHVwA/00004.wav
/home/usuaris/veu/federico.costa/datasets/voxceleb1/test/id10271/zWyD72sHVwA/00005.wav
/home/usuaris/veu/federico.costa/datasets/voxceleb1/test/id10271/zWyD72sHVwA/00007.wav
/home/usuaris/veu/federico.costa/datasets/voxceleb1/test/id10271/zWyD72sHVwA/00008.wav
/home/usuaris/veu/federico.costa/datasets/voxceleb1/test/id10271/zWyD72sHVwA/00006.wav
/home/usuaris/veu/federico.costa/datasets/voxceleb1/test/id10271/_pOfzIZVLFQ/00001.wav
/home/usuaris/veu/federico.costa/datasets/voxceleb1/test/id10271/gO805KoL2RM/00001.wav
/home/usuaris/veu/federico.costa/datasets/voxceleb1/test/id10271/gO805KoL2RM/00002.wav
/home/usuaris/veu/federico.costa/datasets/voxceleb1/test/id10271/gO805KoL2RM/00003.wav
/home/usuaris/veu/federico.costa/datasets/voxceleb1/test/id10271/gO805KoL2RM/00004.wav
/home/usuaris/veu/federico.costa/datasets/voxceleb1/test/id10271/gO805KoL2RM/00005.wav
/home/usuaris/veu/federico.costa/datasets/voxceleb1/test/id10271/gO805KoL2RM/00007.wav
/home/usuaris/veu/federico.costa/datasets/voxceleb1/test/id10271/gO805KoL2RM/00006.wav
/home/usuaris/veu/federico.costa/datasets/voxceleb1/test/id10271/PMWQqW_ia58/00001.wav
/home/usuaris/veu/federico.costa/datasets/voxceleb1/test/id10271/EOQXxK1whgU/00001.wav
/home/usuaris/veu/federico.costa/datasets/voxceleb1/test/id10271/EOQXxK1whgU/00002.wav
/home/usuaris/veu/federico.costa/datasets/voxceleb1/test/id10271/EOQXxK1whgU/00003.wav
/home/usuaris/veu/federico.costa/datasets/voxceleb1/test/id10271/PfcJLmkhGbk/00001.wav
/home/usuaris/veu/federico.costa/datasets/voxceleb1/test/id10271/PfcJLmkhGbk/00002.wav
/home/usuaris/veu/federico.costa/datasets/voxceleb1/test/id10271/PfcJLmkhGbk/00003.wav
/home/usuaris/veu/federico.costa/datasets/voxceleb1/test/id10271/PfcJLmkhGbk/00004.wav
/home/usuaris/veu/federico.costa/datasets/voxceleb1/test/id10271/PfcJLmkhGbk/00005.wav
/home/usuaris/veu/federico.costa/datasets/voxceleb1/test/id10271/PfcJLmkhGbk/00007.wav
/home/usuaris/veu/federico.costa/datasets/voxceleb1/test/id10271/PfcJLmkhGbk/00008.wav
/home/usuaris/veu/federico.costa/datasets/voxceleb1/test/id10271/PfcJLmkhGbk/00006.wav
/home/usuaris/veu/federico.costa/datasets/voxceleb1/test/id10271/djK87iSSKQo/00001.wav
/home/usuaris/veu/federico.costa/datasets/voxceleb1/test/id10271/PiXU2UZAh-0/00001.wav
/home/usuaris/veu/federico.costa/datasets/voxceleb1/test/id10271/1gtz-CUIygI/00015.wav
/home/usuaris/veu/federico.costa/datasets/voxceleb1/test/id10271/1gtz-CUIygI/00001.wav
/home/usuaris/veu/federico.costa/datasets/voxceleb1/test/id10271/1gtz-CUIygI/00002.wav
/home/usuaris/veu/federico.costa/datasets/voxceleb1/test/id10271/1gtz-CUIygI/00012.wav
/home/usuaris/veu/federico.costa/datasets/voxceleb1/test/id10271/1gtz-CUIygI/00003.wav
/home/usuaris/veu/federico.costa/datasets/voxceleb1/test/id10271/1gtz-CUIygI/00009.wav
/home/usuaris/veu/federico.costa/datasets/voxceleb1/test/id10271/1gtz-CUIygI/00018.wav
/home/usuaris/veu/federico.costa/datasets/voxceleb1/test/id10271/1gtz-CUIygI/00004.wav
/home/usuaris/veu/federico.costa/datasets/voxceleb1/test/id10271/1gtz-CUIygI/00005.wav
/home/usuaris/veu/federico.costa/datasets/voxceleb1/test/id10271/1gtz-CUIygI/00011.wav
/home/usuaris/veu/federico.costa/datasets/voxceleb1/test/id10271/1gtz-CUIygI/00017.wav
/home/usuaris/veu/federico.costa/datasets/voxceleb1/test/id10271/1gtz-CUIygI/00021.wav
/home/usuaris/veu/federico.costa/datasets/voxceleb1/test/id10271/1gtz-CUIygI/00016.wav
/home/usuaris/veu/federico.costa/datasets/voxceleb1/test/id10271/1gtz-CUIygI/00013.wav
/home/usuaris/veu/federico.costa/datasets/voxceleb1/test/id10271/1gtz-CUIygI/00007.wav
/home/usuaris/veu/federico.costa/datasets/voxceleb1/test/id10271/1gtz-CUIygI/00014.wav
/home/usuaris/veu/federico.costa/datasets/voxceleb1/test/id10271/1gtz-CUIygI/00008.wav
/home/usuaris/veu/federico.costa/datasets/voxceleb1/test/id10271/1gtz-CUIygI/00019.wav
/home/usuaris/veu/federico.costa/datasets/voxceleb1/test/id10271/1gtz-CUIygI/00006.wav
/home/usuaris/veu/federico.costa/datasets/voxceleb1/test/id10271/1gtz-CUIygI/00010.wav
/home/usuaris/veu/federico.costa/datasets/voxceleb1/test/id10271/1gtz-CUIygI/00020.wav
/home/usuaris/veu/federico.costa/datasets/voxceleb1/test/id10271/Zjc7Xy7aT8c/00001.wav
/home/usuaris/veu/federico.costa/datasets/voxceleb1/test/id10271/Zjc7Xy7aT8c/00002.wav
/home/usuaris/veu/federico.costa/datasets/voxceleb1/test/id10271/Zjc7Xy7aT8c/00003.wav
/home/usuaris/veu/federico.costa/datasets/voxceleb1/test/id10271/Zjc7Xy7aT8c/00004.wav
/home/usuaris/veu/federico.costa/datasets/voxceleb1/test/id10271/37nktPRUJ58/00001.wav
/home/usuaris/veu/federico.costa/datasets/voxceleb1/test/id10271/37nktPRUJ58/00002.wav
/home/usuaris/veu/federico.costa/datasets/voxceleb1/test/id10271/37nktPRUJ58/00003.wav
/home/usuaris/veu/federico.costa/datasets/voxceleb1/test/id10271/_YimahVgI1A/00001.wav
/home/usuaris/veu/federico.costa/datasets/voxceleb1/test/id10271/_YimahVgI1A/00002.wav
/home/usuaris/veu/federico.costa/datasets/voxceleb1/test/id10271/_YimahVgI1A/00003.wav
/home/usuaris/veu/federico.costa/datasets/voxceleb1/test/id10271/_YimahVgI1A/00004.wav
/home/usuaris/veu/federico.costa/datasets/voxceleb1/test/id10271/_YimahVgI1A/00005.wav
/home/usuaris/veu/federico.costa/datasets/voxceleb1/test/id10271/8gcdEYAKNkE/00001.wav
